#prescription
rxid,patient,npiref
P3,M. White,5555
P1,J. Doe,_L179
P2,W. Smith,5555

#doctor
npi,name,hospital,email
_L179,_L183,Sacred Hearth,chase@sh.com
5555,G. House,PPTH,house@ppth.com
