#prescription
rxid,patient,npiref
P3,M. White,5555
P1,J. Doe,_L537
P2,W. Smith,5555

#doctor
npi,name,hospital,email
_L138,_L215,Sacred Hearth,chase@sh.com
5555,G. House,PPTH,house@ppth.com
_L537,_SKt0-N1(1112),_SKt0-N2(1222),_SKt0-N3(1222)

