#prescription
rxid,patient,npiref
P3,M. White,5556
P1,J. Doe,_L407
P2,W. Smith,5555

#doctor
npi,name,hospital,email
5556,_SKt0-N1(5556),_SKt0-N2(5556),_SKt0-N3(5556)
_L407,_L411,Sacred Hearth,chase@sh.com
5555,_SKt0-N1(5555),_SKt0-N2(5555),_SKt0-N3(5555)
_L16,G. House,PPTH,house@ppth.com
