#prescription
rxid,patient,npiref
P3,M. White,5555
P1,J. Doe,_L137
P2,W. Smith,5555

#doctor
npi,name,hospital,email
1222,C. Taub,_SKm1-N1(P1;J. Doe;1222;C. Taub),_SKm1-N2(P1;J. Doe;1222;C. Taub)
_L137,_SKt0-N1(_L137),_SKt0-N2(_L137),_SKt0-N3(_L137)
1112,R. Chase,Sacred Hearth,chase@sh.com
5555,G. House,PPTH,house@ppth.com
