#prescription
rxid,patient,npiref
P3,M. White,_L17
P1,J. Doe,_L447
P2,W. Smith,_L17

#doctor
npi,name,hospital,email
_L447,_L451,Sacred Hearth,chase@sh.com
_L17,_SKt0-N1(_L17),_SKt0-N2(_L17),_SKt0-N3(_L17)
_L423,G. House,PPTH,house@ppth.com
