#prescription
rxid,patient,npiref
P3,M. White,_L15
P1,J. Doe,_L314
P2,W. Smith,_L15

#doctor
npi,name,hospital,email
_L314,_L318,Sacred Hearth,chase@sh.com
_L15,_L292,PPTH,house@ppth.com
