#prescription
rxid,patient,npiref
P3,M. White,_L15
P1,J. Doe,_L343
P2,W. Smith,_L15

#doctor
npi,name,hospital,email
_L343,_L347,Sacred Hearth,chase@sh.com
_L15,G. House,PPTH,_L323

