#prescription
rxid,patient,npiref
P1,J. Doe,_L179
P3,M. White,5555
P1,J. Doe,_L179
P2,W. Smith,5555

#doctor
npi,name,hospital,email
_L179,_L183,Sacred Hearth,chase@sh.com
5555,G. House,PPTH,house@ppth.com
_L179,_L183,Sacred Hearth,chase@sh.com
5555,G. House,PPTH,house@ppth.com

#prescription_join_doctor
rxid,patient,npiref,npi,name,hospital,email
P1,J. Doe,_L179,_L179,_L183,Sacred Hearth,chase@sh.com
P1,J. Doe,_L179,_L179,_L183,Sacred Hearth,chase@sh.com
P1,J. Doe,_L179,_L179,_L183,Sacred Hearth,chase@sh.com
P1,J. Doe,_L179,_L179,_L183,Sacred Hearth,chase@sh.com
P3,M. White,5555,5555,G. House,PPTH,house@ppth.com
P3,M. White,5555,5555,G. House,PPTH,house@ppth.com
P2,W. Smith,5555,5555,G. House,PPTH,house@ppth.com
P2,W. Smith,5555,5555,G. House,PPTH,house@ppth.com

