#prescription
rxid,patient,npiref
P1,J. Doe,_L281
P3,M. White,_L15
P1,J. Doe,_L281
P2,W. Smith,_L15

#doctor
npi,name,hospital,email
_L281,_L285,Sacred Hearth,chase@sh.com
_L15,G. House,_L157,house@ppth.com
_L281,_L285,Sacred Hearth,chase@sh.com
_L15,G. House,_L157,house@ppth.com

#prescription_join_doctor
rxid,patient,npiref,npi,name,hospital,email
P3,M. White,_L15,_L15,G. House,_L157,house@ppth.com
P3,M. White,_L15,_L15,G. House,_L157,house@ppth.com
P2,W. Smith,_L15,_L15,G. House,_L157,house@ppth.com
P2,W. Smith,_L15,_L15,G. House,_L157,house@ppth.com
P1,J. Doe,_L281,_L281,_L285,Sacred Hearth,chase@sh.com
P1,J. Doe,_L281,_L281,_L285,Sacred Hearth,chase@sh.com
P1,J. Doe,_L281,_L281,_L285,Sacred Hearth,chase@sh.com
P1,J. Doe,_L281,_L281,_L285,Sacred Hearth,chase@sh.com

